0 [140393731336000] INFO perfrun.launcher <> - Launcher main begin
1 [140393731336000] INFO perfrun.launcher <> - MessageCatalogInit finished
1 [140393731336000] INFO perfrun.launcher <> - Launcher instance created
1 [140393731336000] INFO perfrun.launcher <> - argc = 7; cmdline = /opt/intel/oneapi/vtune/2024.3/bin64/amplxe-runss --ui-output-format xml --ui-output-fd 14 --option-file /home/csdk/csdk/libcsdk/vtune-projects/r013ps/config/runss.options 
24 [140393731336000] INFO perfrun.perfcollector <> - SEP tool path: /opt/intel/oneapi/vtune/2024.3/bin64/sep
38 [140393731336000] INFO perfrun.launcher <> - create msngr2::ICliToolContext
38 [140393731336000] INFO perfrun.launcher <> - create file finder object
38 [140393731336000] INFO perfrun.launcher <> - create a result directory: pattern = /home/csdk/csdk/libcsdk/vtune-projects/r013ps pid = 4294967295
39 [140393731336000] INFO perfrun.sdk <> - checked that the directory /home/csdk/csdk/libcsdk/vtune-projects/r013ps is a local directory
39 [140393731336000] INFO perfrun.sdk <> - the directory /home/csdk/csdk/libcsdk/vtune-projects/r013ps is a local directory with FS type ID 61267
39 [140393731336000] INFO perfrun.launcher <> - create data directory = /home/csdk/csdk/libcsdk/vtune-projects/r013ps/data.0
40 [140393731336000] INFO perfrun.launcher <> - Creating the master collection flag
42 [140393731336000] INFO perfrun.launcher <> - Done creating the master collection flag
42 [140393721820928] INFO perfrun.launcher <> - plugin [remoteplug] was disabled because it doesn't support the given collection type.
42 [140393721820928] INFO perfrun.sdk <> - Allocating TMU :/home/csdk/csdk/libcsdk/vtune-projects/r013ps/data.0/systemcollector-10648-csdk-mike.sc
42 [140393721820928] INFO perfrun.system <> - Tpss based collection
42 [140393721820928] INFO perfrun.launcher <> - plugin [ptracecollector] was disabled because it doesn't support the given collection type.
42 [140393721820928] INFO perfrun.launcher <> - plugin [gpu] was disabled because it doesn't support the given collection type.
42 [140393721820928] INFO perfrun.launcher <> - plugin [] was disabled because it doesn't support the given collection type.
42 [140393721820928] INFO perfrun.launcher <> - plugin [] was disabled because it doesn't support the given collection type.
42 [140393721820928] INFO perfrun.launcher <> - plugin [] was disabled because it doesn't support the given collection type.
42 [140393721820928] INFO perfrun.mrte <> - system-wide mode is 0
42 [140393721820928] INFO perfrun.mrte <> - Getting  mrte profiling environment ...
61 [140393721820928] INFO perfrun.mrte <> - INTEL_MRTE_DATA_DIR=/home/csdk/csdk/libcsdk/vtune-projects/r013ps/data.0
61 [140393721820928] INFO perfrun.mrte <> - INTEL_MRTE_HOST_NAME=csdk-mike
61 [140393721820928] INFO perfrun.mrte <> - JAVA_TOOL_OPTIONS=-agentlib:amplxe_samplingmrte_javaprof_1.0 -Dsun.boot.library.path=/opt/intel/oneapi/vtune/2024.3/lib32/runtime:/opt/intel/oneapi/vtune/2024.3/lib64/runtime
61 [140393721820928] INFO perfrun.mrte <> - LD_LIBRARY_PATH=/opt/intel/oneapi/vtune/2024.3/lib32/runtime:/opt/intel/oneapi/vtune/2024.3/lib64/runtime:/home/csdk/csdk/openssl-1.1.1n/
61 [140393721820928] INFO perfrun.mrte <> - CORECLR_ENABLE_PROFILING=1
61 [140393721820928] INFO perfrun.mrte <> - CORECLR_PROFILER={AA5E4821-E3B1-479c-B7FF-5AD047D22CED}
61 [140393721820928] INFO perfrun.mrte <> - CORECLR_PROFILER_PATH=/opt/intel/oneapi/vtune/2024.3/lib64/libamplxe_samplingmrte_clrprof_1.0.so
61 [140393721820928] INFO perfrun.mrte <> - INTEL_MRTE_PROFILER_MODE=mixed
61 [140393721820928] INFO perfrun.mrte <> - Data directory: /home/csdk/csdk/libcsdk/vtune-projects/r013ps/data.0
61 [140393721820928] INFO perfrun.mrte <> - Mrte plugin is initialized
61 [140393721820928] INFO perfrun.launcher <> - plugin [emon] was disabled because it doesn't support the given collection type.
61 [140393721820928] INFO perfrun.launcher <> - plugin [cuscol] was disabled because it doesn't support the given collection type.
61 [140393721820928] INFO perfrun.launcher <> - plugin [stdsrc] was disabled because it doesn't support the given collection type.
61 [140393721820928] INFO perfrun.launcher <> - plugin [sep] was disabled because it doesn't support the given collection type.
61 [140393721820928] INFO perfrun.launcher <> - plugin [vtsspp] was disabled because it doesn't support the given collection type.
61 [140393721820928] INFO perfrun.launcher <> - plugin [perf] was disabled because it doesn't support the given collection type.
61 [140393721820928] INFO perfrun.launcher <> - plugin [aoclprofile] was disabled because it doesn't support the given collection type.
61 [140393721820928] INFO perfrun.tpss <> - initialize tpss controller
61 [140393721820928] INFO perfrun.tpss <> - configure collection mode: value = cpu:counters:nostack
61 [140393721820928] INFO perfrun.tpss <> - configure collection mode: value = cpu:nostack
61 [140393721820928] INFO perfrun.tpss <> - default obj-size-min=1024
61 [140393721820928] INFO perfrun.tpss <> - default hash-table-size=0
61 [140393721820928] INFO perfrun.launcher <> - plugin [media] was disabled because it doesn't support the given collection type.
61 [140393721820928] INFO perfrun.launcher <> - plugin [] was disabled because it doesn't support the given collection type.
61 [140393721820928] INFO perfrun.launcher <> - plugin [] was disabled because it doesn't support the given collection type.
61 [140393721820928] INFO perfrun.launcher <> - plugin [parallelfs] was disabled because it doesn't support the given collection type.
61 [140393721820928] INFO perfrun.launcher <> - plugin [power] was disabled because it doesn't support the given collection type.
61 [140393721820928] INFO perfrun.launcher <> - plugin [] was disabled because it doesn't support the given collection type.
61 [140393721820928] INFO perfrun.launcher <> - plugin [ipmwatch] was disabled because it doesn't support the given collection type.
61 [140393721820928] INFO perfrun.launcher <> - plugin [os_counters] was disabled because it doesn't support the given collection type.
61 [140393721820928] INFO perfrun.launcher <> - plugin [l0_metrics] was disabled because it doesn't support the given collection type.
61 [140393731336000] INFO perfrun.launcher <> - set environment variable: LD_LIBRARY_PATH = /opt/intel/oneapi/vtune/2024.3/lib32/runtime:/opt/intel/oneapi/vtune/2024.3/lib64/runtime:/home/csdk/csdk/openssl-1.1.1n/
61 [140393731336000] INFO perfrun.launcher <> - set environment variable: INTEL_LIBITTNOTIFY32 = /opt/intel/oneapi/vtune/2024.3/lib32/runtime/libittnotify_collector.so
61 [140393731336000] INFO perfrun.launcher <> - set environment variable: INTEL_LIBITTNOTIFY64 = /opt/intel/oneapi/vtune/2024.3/lib64/runtime/libittnotify_collector.so
61 [140393731336000] INFO perfrun.launcher <> - set environment variable: INTEL_ITTNOTIFY_GROUPS = 
61 [140393731336000] INFO perfrun.launcher <> - set environment variable: INTEL_JIT_PROFILER32 = /opt/intel/oneapi/vtune/2024.3/lib32/runtime/libittnotify_collector.so
61 [140393731336000] INFO perfrun.launcher <> - set environment variable: INTEL_JIT_PROFILER64 = /opt/intel/oneapi/vtune/2024.3/lib64/runtime/libittnotify_collector.so
61 [140393731336000] INFO perfrun.launcher <> - set environment variable: CCL_ITT_LEVEL = 1
61 [140393731336000] INFO perfrun.launcher <> - set environment variable: ENABLE_JITPROFILING = 1
61 [140393731336000] INFO perfrun.launcher <> - set environment variable: CL_CONFIG_USE_VTUNE = True
61 [140393731336000] INFO perfrun.launcher <> - set environment variable: KMP_FORKJOIN_FRAMES = 0
62 [140393731336000] INFO perfrun.launcher <> - set environment variable: KMP_FORKJOIN_FRAMES_MODE = 0
62 [140393731336000] INFO perfrun.launcher <> - set environment variable: INTEL_MRTE_DATA_DIR = /home/csdk/csdk/libcsdk/vtune-projects/r013ps/data.0
62 [140393731336000] INFO perfrun.launcher <> - set environment variable: INTEL_MRTE_HOST_NAME = csdk-mike
62 [140393731336000] INFO perfrun.launcher <> - set environment variable: JAVA_TOOL_OPTIONS = -agentlib:amplxe_samplingmrte_javaprof_1.0 -Dsun.boot.library.path=/opt/intel/oneapi/vtune/2024.3/lib32/runtime:/opt/intel/oneapi/vtune/2024.3/lib64/runtime
62 [140393731336000] INFO perfrun.launcher <> - set environment variable: LD_LIBRARY_PATH = /opt/intel/oneapi/vtune/2024.3/lib32/runtime:/opt/intel/oneapi/vtune/2024.3/lib64/runtime:/home/csdk/csdk/openssl-1.1.1n/
62 [140393731336000] INFO perfrun.launcher <> - set environment variable: CORECLR_ENABLE_PROFILING = 1
62 [140393731336000] INFO perfrun.launcher <> - set environment variable: CORECLR_PROFILER = {AA5E4821-E3B1-479c-B7FF-5AD047D22CED}
62 [140393731336000] INFO perfrun.launcher <> - set environment variable: CORECLR_PROFILER_PATH = /opt/intel/oneapi/vtune/2024.3/lib64/libamplxe_samplingmrte_clrprof_1.0.so
62 [140393731336000] INFO perfrun.launcher <> - set environment variable: INTEL_MRTE_PROFILER_MODE = mixed
62 [140393731336000] INFO perfrun.launcher <> - RpcServer: run RPC server to handle requests
62 [140393731336000] INFO perfrun.launcher <> - Launcher: command line to start before modification = /home/csdk/csdk/libcsdk/../openssl-1.1.1n/apps/openssl speed -evp aes-256-cfb -bytes 1024 -seconds 10 -mr -engine libcsdk
63 [140393731336000] INFO perfrun.launcher <> - Launcher: command line to start after modification = /opt/intel/oneapi/vtune/2024.3/bin64/pin -error_file /home/csdk/csdk/libcsdk/vtune-projects/r013ps/data.0/pinerr.tpsslog -detach_reattach -follow_execv -tool_load_option deepbind -t64 /opt/intel/oneapi/vtune/2024.3/lib64/libtpsstool.so -t /opt/intel/oneapi/vtune/2024.3/lib32/libtpsstool.so -server_name tpss_ipc.10648 -prd_dir /opt/intel/oneapi/vtune/2024.3 -- /home/csdk/csdk/libcsdk/../openssl-1.1.1n/apps/openssl speed -evp aes-256-cfb -bytes 1024 -seconds 10 -mr -engine libcsdk
63 [140393731336000] INFO perfrun.launcher <> - ProcessCreator object was created
63 [140393731336000] INFO perfrun.launcher <> - Launcher: the process was started in suspend mode
66 [140393721820928] WARN perfrun.system <> - Could not do anything with /sys/kernel/debug/kvm: boost::filesystem::status: Permission denied [system:13]: "/sys/kernel/debug/kvm", at file: vcs/perfrun1/plugins/system/src/trace_writer.cpp:787
66 [140393721820928] WARN perfrun.system <> - Folder "/var/run/libvirt/qemu/"doesn't exist, at file: vcs/perfrun1/plugins/system/src/trace_writer.cpp:800
67 [140393721820928] WARN perfrun.sdk <> - Failed to find xl binary on any of the system paths: /bin, /sbin, /usr/bin, /usr/sbin., at file: vcs/perfrun1/sdk/src/utils.cpp:205
67 [140393721820928] WARN perfrun.system <> - Could not start ContainerMapping collector, at file: vcs/perfrun1/plugins/system/src/controller.cpp:450
70 [140393721820928] INFO perfrun.vdso <> - Helper runtool '/opt/intel/oneapi/vtune/2024.3/bin32/amplxe-runss -dump-vdso -r /home/csdk/csdk/libcsdk/vtune-projects/r013ps --tmp-dir /tmp/amplxe-tmp-csdk' returned 1
132 [140393721820928] INFO perfrun.vdso <> - Helper runtool '/opt/intel/oneapi/vtune/2024.3/bin64/amplxe-runss -dump-vdso -r /home/csdk/csdk/libcsdk/vtune-projects/r013ps --tmp-dir /tmp/amplxe-tmp-csdk' returned 0
132 [140393721820928] INFO perfrun.itt <> - start itt controller for pid #10653
132 [140393721820928] INFO perfrun.tpss <> - start tpss controller for pid #10653
183 [140393731336000] INFO perfrun.launcher <> - Launcher: all plugins were started
183 [140393731336000] INFO perfrun.launcher <> - DirectoryMonitor object was created
183 [140393731336000] INFO perfrun.launcher <> - DirectoryMonitor: a callback was added
183 [140393731336000] INFO perfrun.launcher <> - DirectoryMonitor was started with pingTime = 1000
183 [140393731336000] INFO perfrun.launcher <> - DeadlineTimer is going to be constructed
183 [140393731336000] INFO perfrun.launcher <> - DeadlineTimer: a callback was added
188 [140393731336000] INFO perfrun.launcher <> - Launcher: resume the profiled application and  wait its termination or stop command
10434 [140393731336000] INFO perfrun.launcher <> - Launcher: the profiled application was terminated  with exit code = 0
10436 [140393721820928] INFO perfrun.itt <> - detach itt controller
10436 [140393721820928] INFO perfrun.itt <> - detach itt controller done
10436 [140393721820928] INFO perfrun.tpss <> - stop tpss controller
10439 [140393721820928] INFO perfrun.sdk <> - De-allocating TMU: /home/csdk/csdk/libcsdk/vtune-projects/r013ps/data.0/systemcollector-10648-csdk-mike.sc
10439 [140393721820928] INFO perfrun.system <> - closed the system trace file: /home/csdk/csdk/libcsdk/vtune-projects/r013ps/data.0/systemcollector-10648-csdk-mike.sc
10439 [140393731336000] INFO perfrun.launcher <> - Launcher: all plugins were stopped.
10439 [140393731336000] INFO perfrun.launcher <> - DeadlineTimer is going to be destroyed
10440 [140393731336000] INFO perfrun.launcher <> - DeadlineTimer was destroyed
10440 [140393731336000] INFO perfrun.launcher <> - DirectoryMonitor object was destroyed
10440 [140393731336000] WARN perfrun.launcher <> - Stop command is ignored because it is received when collection is already stopped, at file: vcs/perfrun1/launcher/src/command_handler.cpp:226
10440 [140393731336000] INFO perfrun.launcher <> - Application exit code: 0
10440 [140393731336000] INFO perfrun.launcher <> - Exit code: 0
