0 [140120810485568] INFO perfrun.launcher <> - Launcher main begin
1 [140120810485568] INFO perfrun.launcher <> - MessageCatalogInit finished
1 [140120810485568] INFO perfrun.launcher <> - Launcher instance created
1 [140120810485568] INFO perfrun.launcher <> - argc = 7; cmdline = /opt/intel/oneapi/vtune/2024.3/bin64/amplxe-runss --ui-output-format xml --ui-output-fd 14 --option-file /home/csdk/csdk/libcsdk/vtune-projects/r012hs/config/runss.options 
27 [140120810485568] INFO perfrun.perfcollector <> - SEP tool path: /opt/intel/oneapi/vtune/2024.3/bin64/sep
33 [140120810485568] INFO perfrun.launcher <> - create msngr2::ICliToolContext
33 [140120810485568] INFO perfrun.launcher <> - create file finder object
33 [140120810485568] INFO perfrun.launcher <> - create a result directory: pattern = /home/csdk/csdk/libcsdk/vtune-projects/r012hs pid = 4294967295
34 [140120810485568] INFO perfrun.sdk <> - checked that the directory /home/csdk/csdk/libcsdk/vtune-projects/r012hs is a local directory
34 [140120810485568] INFO perfrun.sdk <> - the directory /home/csdk/csdk/libcsdk/vtune-projects/r012hs is a local directory with FS type ID 61267
34 [140120810485568] INFO perfrun.launcher <> - create data directory = /home/csdk/csdk/libcsdk/vtune-projects/r012hs/data.0
34 [140120810485568] INFO perfrun.launcher <> - Creating the master collection flag
37 [140120810485568] INFO perfrun.launcher <> - Done creating the master collection flag
37 [140120800970496] INFO perfrun.launcher <> - plugin [remoteplug] was disabled because it doesn't support the given collection type.
37 [140120800970496] INFO perfrun.sdk <> - Allocating TMU :/home/csdk/csdk/libcsdk/vtune-projects/r012hs/data.0/systemcollector-6980-csdk-mike.sc
37 [140120800970496] INFO perfrun.system <> - Tpss based collection
37 [140120800970496] INFO perfrun.launcher <> - plugin [ptracecollector] was disabled because it doesn't support the given collection type.
37 [140120800970496] INFO perfrun.launcher <> - plugin [gpu] was disabled because it doesn't support the given collection type.
37 [140120800970496] INFO perfrun.launcher <> - plugin [] was disabled because it doesn't support the given collection type.
37 [140120800970496] INFO perfrun.launcher <> - plugin [] was disabled because it doesn't support the given collection type.
37 [140120800970496] INFO perfrun.launcher <> - plugin [] was disabled because it doesn't support the given collection type.
37 [140120800970496] INFO perfrun.mrte <> - system-wide mode is 0
37 [140120800970496] INFO perfrun.mrte <> - Getting  mrte profiling environment ...
41 [140120800970496] INFO perfrun.mrte <> - INTEL_MRTE_DATA_DIR=/home/csdk/csdk/libcsdk/vtune-projects/r012hs/data.0
41 [140120800970496] INFO perfrun.mrte <> - INTEL_MRTE_HOST_NAME=csdk-mike
41 [140120800970496] INFO perfrun.mrte <> - JAVA_TOOL_OPTIONS=-agentlib:amplxe_samplingmrte_javaprof_1.0 -Dsun.boot.library.path=/opt/intel/oneapi/vtune/2024.3/lib32/runtime:/opt/intel/oneapi/vtune/2024.3/lib64/runtime
41 [140120800970496] INFO perfrun.mrte <> - LD_LIBRARY_PATH=/opt/intel/oneapi/vtune/2024.3/lib32/runtime:/opt/intel/oneapi/vtune/2024.3/lib64/runtime:/home/csdk/csdk/openssl-1.1.1n/
41 [140120800970496] INFO perfrun.mrte <> - CORECLR_ENABLE_PROFILING=1
41 [140120800970496] INFO perfrun.mrte <> - CORECLR_PROFILER={AA5E4821-E3B1-479c-B7FF-5AD047D22CED}
41 [140120800970496] INFO perfrun.mrte <> - CORECLR_PROFILER_PATH=/opt/intel/oneapi/vtune/2024.3/lib64/libamplxe_samplingmrte_clrprof_1.0.so
41 [140120800970496] INFO perfrun.mrte <> - INTEL_MRTE_PROFILER_MODE=mixed
41 [140120800970496] INFO perfrun.mrte <> - Data directory: /home/csdk/csdk/libcsdk/vtune-projects/r012hs/data.0
41 [140120800970496] INFO perfrun.mrte <> - Mrte plugin is initialized
41 [140120800970496] INFO perfrun.launcher <> - plugin [emon] was disabled because it doesn't support the given collection type.
41 [140120800970496] INFO perfrun.launcher <> - plugin [cuscol] was disabled because it doesn't support the given collection type.
41 [140120800970496] INFO perfrun.launcher <> - plugin [stdsrc] was disabled because it doesn't support the given collection type.
41 [140120800970496] INFO perfrun.launcher <> - plugin [sep] was disabled because it doesn't support the given collection type.
41 [140120800970496] INFO perfrun.launcher <> - plugin [vtsspp] was disabled because it doesn't support the given collection type.
41 [140120800970496] INFO perfrun.launcher <> - plugin [perf] was disabled because it doesn't support the given collection type.
41 [140120800970496] INFO perfrun.launcher <> - plugin [aoclprofile] was disabled because it doesn't support the given collection type.
41 [140120800970496] INFO perfrun.tpss <> - initialize tpss controller
41 [140120800970496] INFO perfrun.tpss <> - configure collection mode: value = cpu:counters:nostack
41 [140120800970496] INFO perfrun.tpss <> - configure collection mode: value = cpu:stack
41 [140120800970496] INFO perfrun.tpss <> - default obj-size-min=1024
41 [140120800970496] INFO perfrun.tpss <> - default hash-table-size=0
41 [140120800970496] INFO perfrun.launcher <> - plugin [media] was disabled because it doesn't support the given collection type.
41 [140120800970496] INFO perfrun.launcher <> - plugin [] was disabled because it doesn't support the given collection type.
41 [140120800970496] INFO perfrun.launcher <> - plugin [] was disabled because it doesn't support the given collection type.
41 [140120800970496] INFO perfrun.launcher <> - plugin [parallelfs] was disabled because it doesn't support the given collection type.
41 [140120800970496] INFO perfrun.launcher <> - plugin [power] was disabled because it doesn't support the given collection type.
41 [140120800970496] INFO perfrun.launcher <> - plugin [] was disabled because it doesn't support the given collection type.
41 [140120800970496] INFO perfrun.launcher <> - plugin [ipmwatch] was disabled because it doesn't support the given collection type.
41 [140120800970496] INFO perfrun.launcher <> - plugin [os_counters] was disabled because it doesn't support the given collection type.
41 [140120800970496] INFO perfrun.launcher <> - plugin [l0_metrics] was disabled because it doesn't support the given collection type.
42 [140120810485568] INFO perfrun.launcher <> - set environment variable: LD_LIBRARY_PATH = /opt/intel/oneapi/vtune/2024.3/lib32/runtime:/opt/intel/oneapi/vtune/2024.3/lib64/runtime:/home/csdk/csdk/openssl-1.1.1n/
42 [140120810485568] INFO perfrun.launcher <> - set environment variable: INTEL_LIBITTNOTIFY32 = /opt/intel/oneapi/vtune/2024.3/lib32/runtime/libittnotify_collector.so
42 [140120810485568] INFO perfrun.launcher <> - set environment variable: INTEL_LIBITTNOTIFY64 = /opt/intel/oneapi/vtune/2024.3/lib64/runtime/libittnotify_collector.so
42 [140120810485568] INFO perfrun.launcher <> - set environment variable: INTEL_ITTNOTIFY_GROUPS = 
42 [140120810485568] INFO perfrun.launcher <> - set environment variable: INTEL_JIT_PROFILER32 = /opt/intel/oneapi/vtune/2024.3/lib32/runtime/libittnotify_collector.so
42 [140120810485568] INFO perfrun.launcher <> - set environment variable: INTEL_JIT_PROFILER64 = /opt/intel/oneapi/vtune/2024.3/lib64/runtime/libittnotify_collector.so
42 [140120810485568] INFO perfrun.launcher <> - set environment variable: CCL_ITT_LEVEL = 1
42 [140120810485568] INFO perfrun.launcher <> - set environment variable: ENABLE_JITPROFILING = 1
42 [140120810485568] INFO perfrun.launcher <> - set environment variable: CL_CONFIG_USE_VTUNE = True
42 [140120810485568] INFO perfrun.launcher <> - set environment variable: KMP_FORKJOIN_FRAMES = 0
42 [140120810485568] INFO perfrun.launcher <> - set environment variable: KMP_FORKJOIN_FRAMES_MODE = 0
42 [140120810485568] INFO perfrun.launcher <> - set environment variable: INTEL_MRTE_DATA_DIR = /home/csdk/csdk/libcsdk/vtune-projects/r012hs/data.0
42 [140120810485568] INFO perfrun.launcher <> - set environment variable: INTEL_MRTE_HOST_NAME = csdk-mike
42 [140120810485568] INFO perfrun.launcher <> - set environment variable: JAVA_TOOL_OPTIONS = -agentlib:amplxe_samplingmrte_javaprof_1.0 -Dsun.boot.library.path=/opt/intel/oneapi/vtune/2024.3/lib32/runtime:/opt/intel/oneapi/vtune/2024.3/lib64/runtime
42 [140120810485568] INFO perfrun.launcher <> - set environment variable: LD_LIBRARY_PATH = /opt/intel/oneapi/vtune/2024.3/lib32/runtime:/opt/intel/oneapi/vtune/2024.3/lib64/runtime:/home/csdk/csdk/openssl-1.1.1n/
42 [140120810485568] INFO perfrun.launcher <> - set environment variable: CORECLR_ENABLE_PROFILING = 1
42 [140120810485568] INFO perfrun.launcher <> - set environment variable: CORECLR_PROFILER = {AA5E4821-E3B1-479c-B7FF-5AD047D22CED}
42 [140120810485568] INFO perfrun.launcher <> - set environment variable: CORECLR_PROFILER_PATH = /opt/intel/oneapi/vtune/2024.3/lib64/libamplxe_samplingmrte_clrprof_1.0.so
42 [140120810485568] INFO perfrun.launcher <> - set environment variable: INTEL_MRTE_PROFILER_MODE = mixed
42 [140120810485568] INFO perfrun.launcher <> - RpcServer: run RPC server to handle requests
42 [140120810485568] INFO perfrun.launcher <> - Launcher: command line to start before modification = /home/csdk/csdk/libcsdk/../openssl-1.1.1n/apps/openssl speed -evp aes-256-cfb -bytes 1024 -seconds 10 -mr -engine libcsdk
42 [140120810485568] INFO perfrun.launcher <> - Launcher: command line to start after modification = /opt/intel/oneapi/vtune/2024.3/bin64/pin -error_file /home/csdk/csdk/libcsdk/vtune-projects/r012hs/data.0/pinerr.tpsslog -detach_reattach -follow_execv -tool_load_option deepbind -t64 /opt/intel/oneapi/vtune/2024.3/lib64/libtpsstool.so -t /opt/intel/oneapi/vtune/2024.3/lib32/libtpsstool.so -server_name tpss_ipc.6980 -prd_dir /opt/intel/oneapi/vtune/2024.3 -- /home/csdk/csdk/libcsdk/../openssl-1.1.1n/apps/openssl speed -evp aes-256-cfb -bytes 1024 -seconds 10 -mr -engine libcsdk
42 [140120810485568] INFO perfrun.launcher <> - ProcessCreator object was created
43 [140120810485568] INFO perfrun.launcher <> - Launcher: the process was started in suspend mode
43 [140120800970496] WARN perfrun.system <> - Could not do anything with /sys/kernel/debug/kvm: boost::filesystem::status: Permission denied [system:13]: "/sys/kernel/debug/kvm", at file: vcs/perfrun1/plugins/system/src/trace_writer.cpp:787
43 [140120800970496] WARN perfrun.system <> - Folder "/var/run/libvirt/qemu/"doesn't exist, at file: vcs/perfrun1/plugins/system/src/trace_writer.cpp:800
43 [140120800970496] WARN perfrun.sdk <> - Failed to find xl binary on any of the system paths: /bin, /sbin, /usr/bin, /usr/sbin., at file: vcs/perfrun1/sdk/src/utils.cpp:205
43 [140120800970496] WARN perfrun.system <> - Could not start ContainerMapping collector, at file: vcs/perfrun1/plugins/system/src/controller.cpp:450
45 [140120800970496] INFO perfrun.vdso <> - Helper runtool '/opt/intel/oneapi/vtune/2024.3/bin32/amplxe-runss -dump-vdso -r /home/csdk/csdk/libcsdk/vtune-projects/r012hs --tmp-dir /tmp/amplxe-tmp-csdk' returned 1
87 [140120800970496] INFO perfrun.vdso <> - Helper runtool '/opt/intel/oneapi/vtune/2024.3/bin64/amplxe-runss -dump-vdso -r /home/csdk/csdk/libcsdk/vtune-projects/r012hs --tmp-dir /tmp/amplxe-tmp-csdk' returned 0
87 [140120800970496] INFO perfrun.itt <> - start itt controller for pid #6985
87 [140120800970496] INFO perfrun.tpss <> - start tpss controller for pid #6985
137 [140120810485568] INFO perfrun.launcher <> - Launcher: all plugins were started
137 [140120810485568] INFO perfrun.launcher <> - DirectoryMonitor object was created
137 [140120810485568] INFO perfrun.launcher <> - DirectoryMonitor: a callback was added
137 [140120810485568] INFO perfrun.launcher <> - DirectoryMonitor was started with pingTime = 1000
137 [140120810485568] INFO perfrun.launcher <> - DeadlineTimer is going to be constructed
138 [140120810485568] INFO perfrun.launcher <> - DeadlineTimer: a callback was added
141 [140120810485568] INFO perfrun.launcher <> - Launcher: resume the profiled application and  wait its termination or stop command
4114 [140120786413312] INFO perfrun.launcher <> - Stopping collection by RPC request
4115 [140120800970496] INFO perfrun.itt <> - detach itt controller
4115 [140120800970496] INFO perfrun.itt <> - detach itt controller done
4115 [140120800970496] INFO perfrun.tpss <> - stop tpss controller
4153 [140120800970496] INFO perfrun.sdk <> - De-allocating TMU: /home/csdk/csdk/libcsdk/vtune-projects/r012hs/data.0/systemcollector-6980-csdk-mike.sc
4153 [140120800970496] INFO perfrun.system <> - closed the system trace file: /home/csdk/csdk/libcsdk/vtune-projects/r012hs/data.0/systemcollector-6980-csdk-mike.sc
4155 [140120810485568] INFO perfrun.launcher <> - Launcher: the profiled application was terminated  with exit code = 130
4204 [140120786413312] WARN perfrun.launcher <> - can't send #0 signal to the process with pid #6985 - , at file: vcs/perfrun1/launcher/src/signal_handler_lin.cpp:53
4204 [140120786413312] WARN perfrun.launcher <> - can't send #0 signal to the process with pid #6985 - , at file: vcs/perfrun1/launcher/src/signal_handler_lin.cpp:53
4204 [140120810485568] INFO perfrun.launcher <> - Launcher: all plugins were stopped.
4204 [140120810485568] INFO perfrun.launcher <> - DeadlineTimer is going to be destroyed
4204 [140120810485568] INFO perfrun.launcher <> - DeadlineTimer was destroyed
4205 [140120810485568] INFO perfrun.launcher <> - DirectoryMonitor object was destroyed
4205 [140120810485568] WARN perfrun.launcher <> - Stop command is ignored because it is received when collection is already stopped, at file: vcs/perfrun1/launcher/src/command_handler.cpp:226
4205 [140120810485568] INFO perfrun.launcher <> - Application exit code: 130
4205 [140120810485568] INFO perfrun.launcher <> - Exit code: 4
